PS C:\Users\Tamilarasu Krishnan\Downloads\FaceRecognition-GUI-APP-master\FaceRecognition-GUI-APP-master> python --version
Python was not found; run without arguments to install from the Microsoft Store, or disable this shortcut from Settings > Manage App Execution Aliases.
PS C:\Users\Tamilarasu Krishnan\Downloads\FaceRecognition-GUI-APP-master\FaceRecognition-GUI-APP-master> python --version
Python 3.11.9
PS C:\Users\Tamilarasu Krishnan\Downloads\FaceRecognition-GUI-APP-master\FaceRecognition-GUI-APP-master> pip install -r requirements.txt
>> 
ERROR: Ignored the following yanked versions: 3.4.11.39, 3.4.17.61, 4.4.0.42, 4.4.0.44, 4.5.4.58, 4.5.5.62, 4.7.0.68
ERROR: Could not find a version that satisfies the requirement opencv-python==4.2.0.34 (from versions: 3.4.0.14, 3.4.10.37, 3.4.11.41, 3.4.11.43, 3.4.11.45, 3.4.13.47, 3.4.15.55, 3.4.16.57, 3.4.16.59, 3.4.17.63, 3.4.18.65, 4.3.0.38, 4.4.0.40, 4.4.0.46, 4.5.1.48, 4.5.3.56, 4.5.4.60, 4.5.5.64, 4.6.0.66, 4.7.0.72, 4.8.0.74, 4.8.0.76, 4.8.1.78, 4.9.0.80, 4.10.0.82, 4.10.0.84)
ERROR: No matching distribution found for opencv-python==4.2.0.34

[notice] A new release of pip is available: 24.0 -> 24.2
[notice] To update, run: C:\Users\Tamilarasu Krishnan\AppData\Local\Microsoft\WindowsApps\PythonSoftwareFoundation.Python.3.11_qbz5n2kfra8p0\python.exe -m pip install --upgrade pip
PS C:\Users\Tamilarasu Krishnan\Downloads\FaceRecognition-GUI-APP-master\FaceRecognition-GUI-APP-master> pip install -r requirements.txt
>>
Collecting opencv-python (from -r requirements.txt (line 1))
  Downloading opencv_python-4.10.0.84-cp37-abi3-win_amd64.whl.metadata (20 kB)
Collecting opencv-contrib-python (from -r requirements.txt (line 2))
  Downloading opencv_contrib_python-4.10.0.84-cp37-abi3-win_amd64.whl.metadata (20 kB)
Collecting Pillow (from -r requirements.txt (line 3))
  Downloading pillow-10.4.0-cp311-cp311-win_amd64.whl.metadata (9.3 kB)
Collecting h5py (from -r requirements.txt (line 4))
  Downloading h5py-3.11.0-cp311-cp311-win_amd64.whl.metadata (2.5 kB)
Collecting imutils (from -r requirements.txt (line 5))
  Downloading imutils-0.5.4.tar.gz (17 kB)
  Installing build dependencies ... done
  Getting requirements to build wheel ... done
  Preparing metadata (pyproject.toml) ... done
Collecting numpy>=1.21.2 (from opencv-python->-r requirements.txt (line 1))
  Downloading numpy-2.1.1-cp311-cp311-win_amd64.whl.metadata (59 kB)
     ━━━━━━━━━━━━━━━━━━━━━━━━━━━━━━━━━━━━━━━━ 59.7/59.7 kB 1.1 MB/s eta 0:00:00
Downloading opencv_python-4.10.0.84-cp37-abi3-win_amd64.whl (38.8 MB)
   ━━━━━━━━━━━━━━━━━━━━━━━━━━━━━━━━━━━━━━━━ 38.8/38.8 MB 4.6 MB/s eta 0:00:00
Downloading opencv_contrib_python-4.10.0.84-cp37-abi3-win_amd64.whl (45.5 MB)
   ━━━━━━━━━━━━━━━━━━━━━━━━━━━━━━━━━━━━━━━━ 45.5/45.5 MB 2.5 MB/s eta 0:00:00
Downloading pillow-10.4.0-cp311-cp311-win_amd64.whl (2.6 MB)
   ━━━━━━━━━━━━━━━━━━━━━━━━━━━━━━━━━━━━━━━━ 2.6/2.6 MB 2.1 MB/s eta 0:00:00
Downloading h5py-3.11.0-cp311-cp311-win_amd64.whl (3.0 MB)
   ━━━━━━━━━━━━━━━━━━━━━━━━━━━━━━━━━━━━━━━━ 3.0/3.0 MB 1.5 MB/s eta 0:00:00
Downloading numpy-2.1.1-cp311-cp311-win_amd64.whl (12.9 MB)
   ━━━━━━━━━━━━━━━━━━━━━━━━━━━━━━━━━━━━━━━━ 12.9/12.9 MB 2.3 MB/s eta 0:00:00
Building wheels for collected packages: imutils
  Building wheel for imutils (pyproject.toml) ... done
  Created wheel for imutils: filename=imutils-0.5.4-py3-none-any.whl size=25856 sha256=1a85ac68eb9b4f1d402d93b393d23428abdcb5cd9353e1ade436a8e6a2d3ebb9
  Stored in directory: c:\users\tamilarasu krishnan\appdata\local\pip\cache\wheels\31\d0\2c\87ce38f6052879e5b7b18f0f8b4a10ad2a9d210e908d449f16
Successfully built imutils
Installing collected packages: imutils, Pillow, numpy, opencv-python, opencv-contrib-python, h5py
  WARNING: The scripts f2py.exe and numpy-config.exe are installed in 'C:\Users\Tamilarasu Krishnan\AppData\Local\Packages\PythonSoftwareFoundation.Python.3.11_qbz5n2kfra8p0\LocalCache\local-packages\Python311\Scripts' which is not on PATH.
  Consider adding this directory to PATH or, if you prefer to suppress this warning, use --no-warn-script-location.
Successfully installed Pillow-10.4.0 h5py-3.11.0 imutils-0.5.4 numpy-2.1.1 opencv-contrib-python-4.10.0.84 opencv-python-4.10.0.84

[notice] A new release of pip is available: 24.0 -> 24.2
[notice] To update, run: C:\Users\Tamilarasu Krishnan\AppData\Local\Microsoft\WindowsApps\PythonSoftwareFoundation.Python.3.11_qbz5n2kfra8p0\python.exe -m pip install --upgrade pip
PS C:\Users\Tamilarasu Krishnan\Downloads\FaceRecognition-GUI-APP-master\FaceRecognition-GUI-APP-master> $ python app-gui.py
$ : The term '$' is not recognized as the name of a cmdlet, function, script file, or operable program. Check the spelling of the name, or 
if a path was included, verify that the path is correct and try again.
At line:1 char:1
+ $ python app-gui.py
+ ~
    + CategoryInfo          : ObjectNotFound: ($:String) [], CommandNotFoundException
    + FullyQualifiedErrorId : CommandNotFoundException

PS C:\Users\Tamilarasu Krishnan\Downloads\FaceRecognition-GUI-APP-master\FaceRecognition-GUI-APP-master> python app-gui.py  
Traceback (most recent call last):
  File "C:\Users\Tamilarasu Krishnan\Downloads\FaceRecognition-GUI-APP-master\FaceRecognition-GUI-APP-master\app-gui.py", line 8, in <module>
    from gender_prediction import emotion,ageAndgender
  File "C:\Users\Tamilarasu Krishnan\Downloads\FaceRecognition-GUI-APP-master\FaceRecognition-GUI-APP-master\gender_prediction.py", line 2, in <module>
    from mtcnn.mtcnn import MTCNN
ModuleNotFoundError: No module named 'mtcnn'
PS C:\Users\Tamilarasu Krishnan\Downloads\FaceRecognition-GUI-APP-master\FaceRecognition-GUI-APP-master> pip install mtcnn
Collecting mtcnn
  Downloading mtcnn-0.1.1-py3-none-any.whl.metadata (5.8 kB)
Collecting keras>=2.0.0 (from mtcnn)
  Downloading keras-3.5.0-py3-none-any.whl.metadata (5.8 kB)
Requirement already satisfied: opencv-python>=4.1.0 in c:\users\tamilarasu krishnan\appdata\local\packages\pythonsoftwarefoundation.python.3.11_qbz5n2kfra8p0\localcache\local-packages\python311\site-packages (from mtcnn) (4.10.0.84)
Collecting absl-py (from keras>=2.0.0->mtcnn)
  Downloading absl_py-2.1.0-py3-none-any.whl.metadata (2.3 kB)
Requirement already satisfied: numpy in c:\users\tamilarasu krishnan\appdata\local\packages\pythonsoftwarefoundation.python.3.11_qbz5n2kfra8p0\localcache\local-packages\python311\site-packages (from keras>=2.0.0->mtcnn) (2.1.1)
Collecting rich (from keras>=2.0.0->mtcnn)
  Downloading rich-13.8.1-py3-none-any.whl.metadata (18 kB)
Collecting namex (from keras>=2.0.0->mtcnn)
  Downloading namex-0.0.8-py3-none-any.whl.metadata (246 bytes)
Requirement already satisfied: h5py in c:\users\tamilarasu krishnan\appdata\local\packages\pythonsoftwarefoundation.python.3.11_qbz5n2kfra8p0\localcache\local-packages\python311\site-packages (from keras>=2.0.0->mtcnn) (3.11.0)
Collecting optree (from keras>=2.0.0->mtcnn)
  Downloading optree-0.12.1-cp311-cp311-win_amd64.whl.metadata (48 kB)
     ━━━━━━━━━━━━━━━━━━━━━━━━━━━━━━━━━━━━━━━━ 48.7/48.7 kB 486.7 kB/s eta 0:00:00
Collecting ml-dtypes (from keras>=2.0.0->mtcnn)
  Downloading ml_dtypes-0.4.0-cp311-cp311-win_amd64.whl.metadata (20 kB)
Collecting packaging (from keras>=2.0.0->mtcnn)
  Downloading packaging-24.1-py3-none-any.whl.metadata (3.2 kB)
Collecting typing-extensions>=4.5.0 (from optree->keras>=2.0.0->mtcnn)
  Using cached typing_extensions-4.12.2-py3-none-any.whl.metadata (3.0 kB)
Collecting markdown-it-py>=2.2.0 (from rich->keras>=2.0.0->mtcnn)
  Downloading markdown_it_py-3.0.0-py3-none-any.whl.metadata (6.9 kB)
Collecting pygments<3.0.0,>=2.13.0 (from rich->keras>=2.0.0->mtcnn)
  Using cached pygments-2.18.0-py3-none-any.whl.metadata (2.5 kB)
Collecting mdurl~=0.1 (from markdown-it-py>=2.2.0->rich->keras>=2.0.0->mtcnn)
  Downloading mdurl-0.1.2-py3-none-any.whl.metadata (1.6 kB)
Downloading mtcnn-0.1.1-py3-none-any.whl (2.3 MB)
   ━━━━━━━━━━━━━━━━━━━━━━━━━━━━━━━━━━━━━━━━ 2.3/2.3 MB 1.5 MB/s eta 0:00:00
Downloading keras-3.5.0-py3-none-any.whl (1.1 MB)
   ━━━━━━━━━━━━━━━━━━━━━━━━━━━━━━━━━━━━━━━━ 1.1/1.1 MB 1.7 MB/s eta 0:00:00
Downloading absl_py-2.1.0-py3-none-any.whl (133 kB)
   ━━━━━━━━━━━━━━━━━━━━━━━━━━━━━━━━━━━━━━━━ 133.7/133.7 kB 2.6 MB/s eta 0:00:00
Downloading ml_dtypes-0.4.0-cp311-cp311-win_amd64.whl (126 kB)
   ━━━━━━━━━━━━━━━━━━━━━━━━━━━━━━━━━━━━━━━━ 126.8/126.8 kB 1.9 MB/s eta 0:00:00
Downloading namex-0.0.8-py3-none-any.whl (5.8 kB)
Downloading optree-0.12.1-cp311-cp311-win_amd64.whl (268 kB)
   ━━━━━━━━━━━━━━━━━━━━━━━━━━━━━━━━━━━━━━━━ 268.5/268.5 kB 2.1 MB/s eta 0:00:00
Downloading packaging-24.1-py3-none-any.whl (53 kB)
   ━━━━━━━━━━━━━━━━━━━━━━━━━━━━━━━━━━━━━━━━ 54.0/54.0 kB 1.4 MB/s eta 0:00:00
Downloading rich-13.8.1-py3-none-any.whl (241 kB)
   ━━━━━━━━━━━━━━━━━━━━━━━━━━━━━━━━━━━━━━━━ 241.6/241.6 kB 1.9 MB/s eta 0:00:00
Downloading markdown_it_py-3.0.0-py3-none-any.whl (87 kB)
   ━━━━━━━━━━━━━━━━━━━━━━━━━━━━━━━━━━━━━━━━ 87.5/87.5 kB 2.5 MB/s eta 0:00:00
Using cached pygments-2.18.0-py3-none-any.whl (1.2 MB)
Using cached typing_extensions-4.12.2-py3-none-any.whl (37 kB)
Downloading mdurl-0.1.2-py3-none-any.whl (10.0 kB)
Installing collected packages: namex, typing-extensions, pygments, packaging, ml-dtypes, mdurl, absl-py, optree, markdown-it-py, rich, keras, mtcnn
  WARNING: The script pygmentize.exe is installed in 'C:\Users\Tamilarasu Krishnan\AppData\Local\Packages\PythonSoftwareFoundation.Python.3.11_qbz5n2kfra8p0\LocalCache\local-packages\Python311\Scripts' which is not on PATH.
  Consider adding this directory to PATH or, if you prefer to suppress this warning, use --no-warn-script-location.
  WARNING: The script markdown-it.exe is installed in 'C:\Users\Tamilarasu Krishnan\AppData\Local\Packages\PythonSoftwareFoundation.Python.3.11_qbz5n2kfra8p0\LocalCache\local-packages\Python311\Scripts' which is not on PATH.
  Consider adding this directory to PATH or, if you prefer to suppress this warning, use --no-warn-script-location.
Successfully installed absl-py-2.1.0 keras-3.5.0 markdown-it-py-3.0.0 mdurl-0.1.2 ml-dtypes-0.4.0 mtcnn-0.1.1 namex-0.0.8 optree-0.12.1 packaging-24.1 pygments-2.18.0 rich-13.8.1 typing-extensions-4.12.2

[notice] A new release of pip is available: 24.0 -> 24.2
[notice] To update, run: C:\Users\Tamilarasu Krishnan\AppData\Local\Microsoft\WindowsApps\PythonSoftwareFoundation.Python.3.11_qbz5n2kfra8p0\python.exe -m pip install --upgrade pip
PS C:\Users\Tamilarasu Krishnan\Downloads\FaceRecognition-GUI-APP-master\FaceRecognition-GUI-APP-master> python app-gui.py
Traceback (most recent call last):
  File "C:\Users\Tamilarasu Krishnan\Downloads\FaceRecognition-GUI-APP-master\FaceRecognition-GUI-APP-master\app-gui.py", line 8, in <module>
    from gender_prediction import emotion,ageAndgender
  File "C:\Users\Tamilarasu Krishnan\Downloads\FaceRecognition-GUI-APP-master\FaceRecognition-GUI-APP-master\gender_prediction.py", line 2, in <module>
    from mtcnn.mtcnn import MTCNN
  File "C:\Users\Tamilarasu Krishnan\AppData\Local\Packages\PythonSoftwareFoundation.Python.3.11_qbz5n2kfra8p0\LocalCache\local-packages\Python311\site-packages\mtcnn\__init__.py", line 26, in <module>
    from mtcnn.mtcnn import MTCNN
  File "C:\Users\Tamilarasu Krishnan\AppData\Local\Packages\PythonSoftwareFoundation.Python.3.11_qbz5n2kfra8p0\LocalCache\local-packages\Python311\site-packages\mtcnn\mtcnn.py", line 37, in <module>
    from mtcnn.network.factory import NetworkFactory
  File "C:\Users\Tamilarasu Krishnan\AppData\Local\Packages\PythonSoftwareFoundation.Python.3.11_qbz5n2kfra8p0\LocalCache\local-packages\Python311\site-packages\mtcnn\network\factory.py", line 26, in <module>
    from tensorflow.keras.layers import Input, Dense, Conv2D, MaxPooling2D, PReLU, Flatten, Softmax
ModuleNotFoundError: No module named 'tensorflow'
PS C:\Users\Tamilarasu Krishnan\Downloads\FaceRecognition-GUI-APP-master\FaceRecognition-GUI-APP-master> pip install tensorflow
Collecting tensorflow
  Downloading tensorflow-2.17.0-cp311-cp311-win_amd64.whl.metadata (3.2 kB)
Collecting tensorflow-intel==2.17.0 (from tensorflow)
  Downloading tensorflow_intel-2.17.0-cp311-cp311-win_amd64.whl.metadata (5.0 kB)
Requirement already satisfied: absl-py>=1.0.0 in c:\users\tamilarasu krishnan\appdata\local\packages\pythonsoftwarefoundation.python.3.11_qbz5n2kfra8p0\localcache\local-packages\python311\site-packages (from tensorflow-intel==2.17.0->tensorflow) (2.1.0)
Collecting astunparse>=1.6.0 (from tensorflow-intel==2.17.0->tensorflow)
  Downloading astunparse-1.6.3-py2.py3-none-any.whl.metadata (4.4 kB)
Collecting flatbuffers>=24.3.25 (from tensorflow-intel==2.17.0->tensorflow)
  Downloading flatbuffers-24.3.25-py2.py3-none-any.whl.metadata (850 bytes)
Collecting gast!=0.5.0,!=0.5.1,!=0.5.2,>=0.2.1 (from tensorflow-intel==2.17.0->tensorflow)
  Downloading gast-0.6.0-py3-none-any.whl.metadata (1.3 kB)
Collecting google-pasta>=0.1.1 (from tensorflow-intel==2.17.0->tensorflow)
  Downloading google_pasta-0.2.0-py3-none-any.whl.metadata (814 bytes)
Requirement already satisfied: h5py>=3.10.0 in c:\users\tamilarasu krishnan\appdata\local\packages\pythonsoftwarefoundation.python.3.11_qbz5n2kfra8p0\localcache\local-packages\python311\site-packages (from tensorflow-intel==2.17.0->tensorflow) (3.11.0)
Collecting libclang>=13.0.0 (from tensorflow-intel==2.17.0->tensorflow)
  Downloading libclang-18.1.1-py2.py3-none-win_amd64.whl.metadata (5.3 kB)
Requirement already satisfied: ml-dtypes<0.5.0,>=0.3.1 in c:\users\tamilarasu krishnan\appdata\local\packages\pythonsoftwarefoundation.python.3.11_qbz5n2kfra8p0\localcache\local-packages\python311\site-packages (from tensorflow-intel==2.17.0->tensorflow) (0.4.0)
Collecting opt-einsum>=2.3.2 (from tensorflow-intel==2.17.0->tensorflow)
  Using cached opt_einsum-3.3.0-py3-none-any.whl.metadata (6.5 kB)
Requirement already satisfied: packaging in c:\users\tamilarasu krishnan\appdata\local\packages\pythonsoftwarefoundation.python.3.11_qbz5n2kfra8p0\localcache\local-packages\python311\site-packages (from tensorflow-intel==2.17.0->tensorflow) (24.1)
Collecting protobuf!=4.21.0,!=4.21.1,!=4.21.2,!=4.21.3,!=4.21.4,!=4.21.5,<5.0.0dev,>=3.20.3 (from tensorflow-intel==2.17.0->tensorflow)
  Downloading protobuf-4.25.4-cp310-abi3-win_amd64.whl.metadata (541 bytes)
Collecting requests<3,>=2.21.0 (from tensorflow-intel==2.17.0->tensorflow)
  Downloading requests-2.32.3-py3-none-any.whl.metadata (4.6 kB)
Requirement already satisfied: setuptools in c:\program files\windowsapps\pythonsoftwarefoundation.python.3.11_3.11.2544.0_x64__qbz5n2kfra8p0\lib\site-packages (from tensorflow-intel==2.17.0->tensorflow) (65.5.0)
Collecting six>=1.12.0 (from tensorflow-intel==2.17.0->tensorflow)
  Using cached six-1.16.0-py2.py3-none-any.whl.metadata (1.8 kB)
Collecting termcolor>=1.1.0 (from tensorflow-intel==2.17.0->tensorflow)
  Downloading termcolor-2.4.0-py3-none-any.whl.metadata (6.1 kB)
Requirement already satisfied: typing-extensions>=3.6.6 in c:\users\tamilarasu krishnan\appdata\local\packages\pythonsoftwarefoundation.python.3.11_qbz5n2kfra8p0\localcache\local-packages\python311\site-packages (from tensorflow-intel==2.17.0->tensorflow) (4.12.2)
Collecting wrapt>=1.11.0 (from tensorflow-intel==2.17.0->tensorflow)
  Downloading wrapt-1.16.0-cp311-cp311-win_amd64.whl.metadata (6.8 kB)
Collecting grpcio<2.0,>=1.24.3 (from tensorflow-intel==2.17.0->tensorflow)
  Downloading grpcio-1.66.1-cp311-cp311-win_amd64.whl.metadata (4.0 kB)
Collecting tensorboard<2.18,>=2.17 (from tensorflow-intel==2.17.0->tensorflow)
  Downloading tensorboard-2.17.1-py3-none-any.whl.metadata (1.6 kB)
Requirement already satisfied: keras>=3.2.0 in c:\users\tamilarasu krishnan\appdata\local\packages\pythonsoftwarefoundation.python.3.11_qbz5n2kfra8p0\localcache\local-packages\python311\site-packages (from tensorflow-intel==2.17.0->tensorflow) (3.5.0)
Collecting tensorflow-io-gcs-filesystem>=0.23.1 (from tensorflow-intel==2.17.0->tensorflow)
  Downloading tensorflow_io_gcs_filesystem-0.31.0-cp311-cp311-win_amd64.whl.metadata (14 kB)
Collecting numpy<2.0.0,>=1.23.5 (from tensorflow-intel==2.17.0->tensorflow)
  Downloading numpy-1.26.4-cp311-cp311-win_amd64.whl.metadata (61 kB)
     ━━━━━━━━━━━━━━━━━━━━━━━━━━━━━━━━━━━━━━━━ 61.0/61.0 kB 806.3 kB/s eta 0:00:00
Collecting wheel<1.0,>=0.23.0 (from astunparse>=1.6.0->tensorflow-intel==2.17.0->tensorflow)
  Downloading wheel-0.44.0-py3-none-any.whl.metadata (2.3 kB)
Requirement already satisfied: rich in c:\users\tamilarasu krishnan\appdata\local\packages\pythonsoftwarefoundation.python.3.11_qbz5n2kfra8p0\localcache\local-packages\python311\site-packages (from keras>=3.2.0->tensorflow-intel==2.17.0->tensorflow) (13.8.1)
Requirement already satisfied: namex in c:\users\tamilarasu krishnan\appdata\local\packages\pythonsoftwarefoundation.python.3.11_qbz5n2kfra8p0\localcache\local-packages\python311\site-packages (from keras>=3.2.0->tensorflow-intel==2.17.0->tensorflow) (0.0.8)
Requirement already satisfied: optree in c:\users\tamilarasu krishnan\appdata\local\packages\pythonsoftwarefoundation.python.3.11_qbz5n2kfra8p0\localcache\local-packages\python311\site-packages (from keras>=3.2.0->tensorflow-intel==2.17.0->tensorflow) (0.12.1)
Collecting charset-normalizer<4,>=2 (from requests<3,>=2.21.0->tensorflow-intel==2.17.0->tensorflow)
  Downloading charset_normalizer-3.3.2-cp311-cp311-win_amd64.whl.metadata (34 kB)
Collecting idna<4,>=2.5 (from requests<3,>=2.21.0->tensorflow-intel==2.17.0->tensorflow)
  Downloading idna-3.8-py3-none-any.whl.metadata (9.9 kB)
Collecting urllib3<3,>=1.21.1 (from requests<3,>=2.21.0->tensorflow-intel==2.17.0->tensorflow)
  Downloading urllib3-2.2.2-py3-none-any.whl.metadata (6.4 kB)
Collecting certifi>=2017.4.17 (from requests<3,>=2.21.0->tensorflow-intel==2.17.0->tensorflow)
  Downloading certifi-2024.8.30-py3-none-any.whl.metadata (2.2 kB)
Collecting markdown>=2.6.8 (from tensorboard<2.18,>=2.17->tensorflow-intel==2.17.0->tensorflow)
  Downloading Markdown-3.7-py3-none-any.whl.metadata (7.0 kB)
Collecting tensorboard-data-server<0.8.0,>=0.7.0 (from tensorboard<2.18,>=2.17->tensorflow-intel==2.17.0->tensorflow)
  Downloading tensorboard_data_server-0.7.2-py3-none-any.whl.metadata (1.1 kB)
Collecting werkzeug>=1.0.1 (from tensorboard<2.18,>=2.17->tensorflow-intel==2.17.0->tensorflow)
  Downloading werkzeug-3.0.4-py3-none-any.whl.metadata (3.7 kB)
Collecting MarkupSafe>=2.1.1 (from werkzeug>=1.0.1->tensorboard<2.18,>=2.17->tensorflow-intel==2.17.0->tensorflow)
  Downloading MarkupSafe-2.1.5-cp311-cp311-win_amd64.whl.metadata (3.1 kB)
Requirement already satisfied: markdown-it-py>=2.2.0 in c:\users\tamilarasu krishnan\appdata\local\packages\pythonsoftwarefoundation.python.3.11_qbz5n2kfra8p0\localcache\local-packages\python311\site-packages (from rich->keras>=3.2.0->tensorflow-intel==2.17.0->tensorflow) (3.0.0)
Requirement already satisfied: pygments<3.0.0,>=2.13.0 in c:\users\tamilarasu krishnan\appdata\local\packages\pythonsoftwarefoundation.python.3.11_qbz5n2kfra8p0\localcache\local-packages\python311\site-packages (from rich->keras>=3.2.0->tensorflow-intel==2.17.0->tensorflow) (2.18.0)
Requirement already satisfied: mdurl~=0.1 in c:\users\tamilarasu krishnan\appdata\local\packages\pythonsoftwarefoundation.python.3.11_qbz5n2kfra8p0\localcache\local-packages\python311\site-packages (from markdown-it-py>=2.2.0->rich->keras>=3.2.0->tensorflow-intel==2.17.0->tensorflow) (0.1.2)
Downloading tensorflow-2.17.0-cp311-cp311-win_amd64.whl (2.0 kB)
Downloading tensorflow_intel-2.17.0-cp311-cp311-win_amd64.whl (385.0 MB)
   ━━━━━━━━━━━━━━━━━━━━━━━━━━━━━━━━━━━━━━━━ 385.0/385.0 MB 1.9 MB/s eta 0:00:00
Downloading astunparse-1.6.3-py2.py3-none-any.whl (12 kB)
Downloading flatbuffers-24.3.25-py2.py3-none-any.whl (26 kB)
Downloading gast-0.6.0-py3-none-any.whl (21 kB)
Downloading google_pasta-0.2.0-py3-none-any.whl (57 kB)
   ━━━━━━━━━━━━━━━━━━━━━━━━━━━━━━━━━━━━━━━━ 57.5/57.5 kB 1.0 MB/s eta 0:00:00
Downloading grpcio-1.66.1-cp311-cp311-win_amd64.whl (4.3 MB)
   ━━━━━━━━━━━━━━━━━━━━━━━━━━━━━━━━━━━━━━━━ 4.3/4.3 MB 1.3 MB/s eta 0:00:00
Downloading libclang-18.1.1-py2.py3-none-win_amd64.whl (26.4 MB)
   ━━━━━━━━━━━━━━━━━━━━━━━━━━━━━━━━━━━━━━━━ 26.4/26.4 MB 2.5 MB/s eta 0:00:00
Downloading numpy-1.26.4-cp311-cp311-win_amd64.whl (15.8 MB)
   ━━━━━━━━━━━━━━━━━━━━━━━━━━━━━━━━━━━━━━━━ 15.8/15.8 MB 2.0 MB/s eta 0:00:00
Using cached opt_einsum-3.3.0-py3-none-any.whl (65 kB)
Downloading protobuf-4.25.4-cp310-abi3-win_amd64.whl (413 kB)
   ━━━━━━━━━━━━━━━━━━━━━━━━━━━━━━━━━━━━━━━━ 413.4/413.4 kB 2.3 MB/s eta 0:00:00
Downloading requests-2.32.3-py3-none-any.whl (64 kB)
   ━━━━━━━━━━━━━━━━━━━━━━━━━━━━━━━━━━━━━━━━ 64.9/64.9 kB 1.2 MB/s eta 0:00:00
Using cached six-1.16.0-py2.py3-none-any.whl (11 kB)
Downloading tensorboard-2.17.1-py3-none-any.whl (5.5 MB)
   ━━━━━━━━━━━━━━━━━━━━━━━━━━━━━━━━━━━━━━━━ 5.5/5.5 MB 1.8 MB/s eta 0:00:00
Downloading tensorflow_io_gcs_filesystem-0.31.0-cp311-cp311-win_amd64.whl (1.5 MB)
   ━━━━━━━━━━━━━━━━━━━━━━━━━━━━━━━━━━━━━━━━ 1.5/1.5 MB 1.0 MB/s eta 0:00:00
Downloading termcolor-2.4.0-py3-none-any.whl (7.7 kB)
Downloading wrapt-1.16.0-cp311-cp311-win_amd64.whl (37 kB)
Downloading certifi-2024.8.30-py3-none-any.whl (167 kB)
   ━━━━━━━━━━━━━━━━━━━━━━━━━━━━━━━━━━━━━━━━ 167.3/167.3 kB 913.3 kB/s eta 0:00:00
Downloading charset_normalizer-3.3.2-cp311-cp311-win_amd64.whl (99 kB)
   ━━━━━━━━━━━━━━━━━━━━━━━━━━━━━━━━━━━━━━━━ 99.9/99.9 kB 717.0 kB/s eta 0:00:00
Downloading idna-3.8-py3-none-any.whl (66 kB)
   ━━━━━━━━━━━━━━━━━━━━━━━━━━━━━━━━━━━━━━━━ 66.9/66.9 kB 913.8 kB/s eta 0:00:00
Downloading Markdown-3.7-py3-none-any.whl (106 kB)
   ━━━━━━━━━━━━━━━━━━━━━━━━━━━━━━━━━━━━━━━━ 106.3/106.3 kB 881.7 kB/s eta 0:00:00
Downloading tensorboard_data_server-0.7.2-py3-none-any.whl (2.4 kB)
Downloading urllib3-2.2.2-py3-none-any.whl (121 kB)
   ━━━━━━━━━━━━━━━━━━━━━━━━━━━━━━━━━━━━━━━━ 121.4/121.4 kB 1.2 MB/s eta 0:00:00
Downloading werkzeug-3.0.4-py3-none-any.whl (227 kB)
   ━━━━━━━━━━━━━━━━━━━━━━━━━━━━━━━━━━━━━━━━ 227.6/227.6 kB 1.1 MB/s eta 0:00:00
Downloading wheel-0.44.0-py3-none-any.whl (67 kB)
   ━━━━━━━━━━━━━━━━━━━━━━━━━━━━━━━━━━━━━━━━ 67.1/67.1 kB 916.4 kB/s eta 0:00:00
Downloading MarkupSafe-2.1.5-cp311-cp311-win_amd64.whl (17 kB)
Installing collected packages: libclang, flatbuffers, wrapt, wheel, urllib3, termcolor, tensorflow-io-gcs-filesystem, tensorboard-data-server, six, protobuf, numpy, MarkupSafe, markdown, idna, grpcio, gast, charset-normalizer, certifi, werkzeug, requests, opt-einsum, google-pasta, astunparse, tensorboard, tensorflow-intel, tensorflow
  WARNING: The script wheel.exe is installed in 'C:\Users\Tamilarasu Krishnan\AppData\Local\Packages\PythonSoftwareFoundation.Python.3.11_qbz5n2kfra8p0\LocalCache\local-packages\Python311\Scripts' which is not on PATH.
  Consider adding this directory to PATH or, if you prefer to suppress this warning, use --no-warn-script-location.
  Attempting uninstall: numpy
    Found existing installation: numpy 2.1.1
    Uninstalling numpy-2.1.1:
      Successfully uninstalled numpy-2.1.1
  WARNING: The script f2py.exe is installed in 'C:\Users\Tamilarasu Krishnan\AppData\Local\Packages\PythonSoftwareFoundation.Python.3.11_qbz5n2kfra8p0\LocalCache\local-packages\Python311\Scripts' which is not on PATH.
  Consider adding this directory to PATH or, if you prefer to suppress this warning, use --no-warn-script-location.
  WARNING: The script markdown_py.exe is installed in 'C:\Users\Tamilarasu Krishnan\AppData\Local\Packages\PythonSoftwareFoundation.Python.3.11_qbz5n2kfra8p0\LocalCache\local-packages\Python311\Scripts' which is not on PATH.
  Consider adding this directory to PATH or, if you prefer to suppress this warning, use --no-warn-script-location.
  WARNING: The script normalizer.exe is installed in 'C:\Users\Tamilarasu Krishnan\AppData\Local\Packages\PythonSoftwareFoundation.Python.3.11_qbz5n2kfra8p0\LocalCache\local-packages\Python311\Scripts' which is not on PATH.
  Consider adding this directory to PATH or, if you prefer to suppress this warning, use --no-warn-script-location.
  WARNING: The script tensorboard.exe is installed in 'C:\Users\Tamilarasu Krishnan\AppData\Local\Packages\PythonSoftwareFoundation.Python.3.11_qbz5n2kfra8p0\LocalCache\local-packages\Python311\Scripts' which is not on PATH.
  Consider adding this directory to PATH or, if you prefer to suppress this warning, use --no-warn-script-location.
  WARNING: The scripts import_pb_to_tensorboard.exe, saved_model_cli.exe, tensorboard.exe, tf_upgrade_v2.exe, tflite_convert.exe, toco.exe and toco_from_protos.exe are installed in 'C:\Users\Tamilarasu Krishnan\AppData\Local\Packages\PythonSoftwareFoundation.Python.3.11_qbz5n2kfra8p0\LocalCache\local-packages\Python311\Scripts' which is not on PATH.
  Consider adding this directory to PATH or, if you prefer to suppress this warning, use --no-warn-script-location.
Successfully installed MarkupSafe-2.1.5 astunparse-1.6.3 certifi-2024.8.30 charset-normalizer-3.3.2 flatbuffers-24.3.25 gast-0.6.0 google-pasta-0.2.0 grpcio-1.66.1 idna-3.8 libclang-18.1.1 markdown-3.7 numpy-1.26.4 opt-einsum-3.3.0 protobuf-4.25.4 requests-2.32.3 six-1.16.0 tensorboard-2.17.1 tensorboard-data-server-0.7.2 tensorflow-2.17.0 tensorflow-intel-2.17.0 tensorflow-io-gcs-filesystem-0.31.0 termcolor-2.4.0 urllib3-2.2.2 werkzeug-3.0.4 wheel-0.44.0 wrapt-1.16.0

[notice] A new release of pip is available: 24.0 -> 24.2
[notice] To update, run: C:\Users\Tamilarasu Krishnan\AppData\Local\Microsoft\WindowsApps\PythonSoftwareFoundation.Python.3.11_qbz5n2kfra8p0\python.exe -m pip install --upgrade pip
PS C:\Users\Tamilarasu Krishnan\Downloads\FaceRecognition-GUI-APP-master\FaceRecognition-GUI-APP-master> python app-gui.py     
2024-09-11 12:22:19.909510: I tensorflow/core/util/port.cc:153] oneDNN custom operations are on. You may see slightly different numerical results due to floating-point round-off errors from different computation orders. To turn them off, set the environment variable `TF_ENABLE_ONEDNN_OPTS=0`.
2024-09-11 12:22:27.883657: I tensorflow/core/util/port.cc:153] oneDNN custom operations are on. You may see slightly different numerical results due to floating-point round-off errors from different computation orders. To turn them off, set the environment variable `TF_ENABLE_ONEDNN_OPTS=0`.
Traceback (most recent call last):
  File "C:\Users\Tamilarasu Krishnan\Downloads\FaceRecognition-GUI-APP-master\FaceRecognition-GUI-APP-master\app-gui.py", line 8, in <module>
    from gender_prediction import emotion,ageAndgender
  File "C:\Users\Tamilarasu Krishnan\Downloads\FaceRecognition-GUI-APP-master\FaceRecognition-GUI-APP-master\gender_prediction.py", line 4, in <module>
    from keras_preprocessing.image import img_to_array
ModuleNotFoundError: No module named 'keras_preprocessing'
PS C:\Users\Tamilarasu Krishnan\Downloads\FaceRecognition-GUI-APP-master\FaceRecognition-GUI-APP-master> pip install keras_preprocessing
Collecting keras_preprocessing
  Downloading Keras_Preprocessing-1.1.2-py2.py3-none-any.whl.metadata (1.9 kB)
Requirement already satisfied: numpy>=1.9.1 in c:\users\tamilarasu krishnan\appdata\local\packages\pythonsoftwarefoundation.python.3.11_qbz5n2kfra8p0\localcache\local-packages\python311\site-packages (from keras_preprocessing) (1.26.4)
Requirement already satisfied: six>=1.9.0 in c:\users\tamilarasu krishnan\appdata\local\packages\pythonsoftwarefoundation.python.3.11_qbz5n2kfra8p0\localcache\local-packages\python311\site-packages (from keras_preprocessing) (1.16.0)
Downloading Keras_Preprocessing-1.1.2-py2.py3-none-any.whl (42 kB)
   ━━━━━━━━━━━━━━━━━━━━━━━━━━━━━━━━━━━━━━━━ 42.6/42.6 kB 344.1 kB/s eta 0:00:00
Installing collected packages: keras_preprocessing
Successfully installed keras_preprocessing-1.1.2

[notice] A new release of pip is available: 24.0 -> 24.2
[notice] To update, run: C:\Users\Tamilarasu Krishnan\AppData\Local\Microsoft\WindowsApps\PythonSoftwareFoundation.Python.3.11_qbz5n2kfra8p0\python.exe -m pip install --upgrade pip
PS C:\Users\Tamilarasu Krishnan\Downloads\FaceRecognition-GUI-APP-master\FaceRecognition-GUI-APP-master> python app-gui.py
2024-09-11 12:23:14.697293: I tensorflow/core/util/port.cc:153] oneDNN custom operations are on. You may see slightly different numerical results due to floating-point round-off errors from different computation orders. To turn them off, set the environment variable `TF_ENABLE_ONEDNN_OPTS=0`.
2024-09-11 12:23:15.302052: I tensorflow/core/util/port.cc:153] oneDNN custom operations are on. You may see slightly different numerical results due to floating-point round-off errors from different computation orders. To turn them off, set the environment variable `TF_ENABLE_ONEDNN_OPTS=0`.
2024-09-11 12:23:18.815308: I tensorflow/core/platform/cpu_feature_guard.cc:210] This TensorFlow binary is optimized to use available CPU instructions in performance-critical operations.
To enable the following instructions: AVX2 AVX_VNNI FMA, in other operations, rebuild TensorFlow with the appropriate compiler flags.       
Exception in Tkinter callback
Traceback (most recent call last):
  File "C:\Program Files\WindowsApps\PythonSoftwareFoundation.Python.3.11_3.11.2544.0_x64__qbz5n2kfra8p0\Lib\tkinter\__init__.py", line 1967, in __call__
    return self.func(*args)
           ^^^^^^^^^^^^^^^^
  File "C:\Users\Tamilarasu Krishnan\Downloads\FaceRecognition-GUI-APP-master\FaceRecognition-GUI-APP-master\app-gui.py", line 183, in trainmodel
    if self.controller.num_of_images < 300:
       ^^^^^^^^^^^^^^^^^^^^^^^^^^^^^
  File "C:\Program Files\WindowsApps\PythonSoftwareFoundation.Python.3.11_3.11.2544.0_x64__qbz5n2kfra8p0\Lib\tkinter\__init__.py", line 2429, in __getattr__
    return getattr(self.tk, attr)
           ^^^^^^^^^^^^^^^^^^^^^^
AttributeError: '_tkinter.tkapp' object has no attribute 'num_of_images'
False
False
True
False
False
False
False
False
False
[ WARN:1@316.886] global cap_msmf.cpp:476 `anonymous-namespace'::SourceReaderCB::OnReadSample videoio(MSMF): OnReadSample() is called with error status: -1072873829
[ WARN:1@316.889] global cap_msmf.cpp:488 `anonymous-namespace'::SourceReaderCB::OnReadSample videoio(MSMF): async ReadSample() call is failed with error status: -1072873829
[ WARN:0@316.891] global cap_msmf.cpp:1769 CvCapture_MSMF::grabFrame videoio(MSMF): can't grab frame. Error: -1072873829
Exception in Tkinter callback
Traceback (most recent call last):
  File "C:\Program Files\WindowsApps\PythonSoftwareFoundation.Python.3.11_3.11.2544.0_x64__qbz5n2kfra8p0\Lib\tkinter\__init__.py", line 1967, in __call__
    return self.func(*args)
           ^^^^^^^^^^^^^^^^
  File "C:\Users\Tamilarasu Krishnan\Downloads\FaceRecognition-GUI-APP-master\FaceRecognition-GUI-APP-master\app-gui.py", line 209, in openwebcam
    main_app(self.controller.active_name)
  File "C:\Users\Tamilarasu Krishnan\Downloads\FaceRecognition-GUI-APP-master\FaceRecognition-GUI-APP-master\Detector.py", line 17, in main_app
    gray = cv2.cvtColor(frame, cv2.COLOR_BGR2GRAY)
           ^^^^^^^^^^^^^^^^^^^^^^^^^^^^^^^^^^^^^^^
cv2.error: OpenCV(4.10.0) D:\a\opencv-python\opencv-python\opencv\modules\imgproc\src\color.cpp:196: error: (-215:Assertion failed) !_src.empty() in function 'cv::cvtColor'

True
False
PS C:\Users\Tamilarasu Krishnan\Downloads\FaceRecognition-GUI-APP-master\FaceRecognition-GUI-APP-master> 115656465